#-----------------------------------------------------------
# Vivado v2020.1 (64-bit)
# SW Build 2902540 on Wed May 27 19:54:49 MDT 2020
# IP Build 2902112 on Wed May 27 22:43:36 MDT 2020
# Start of session at: Wed May  5 16:27:37 2021
# Process ID: 11308
# Current directory: C:/Tutorials/Vivado/simple_RO_post_stress
# Command line: vivado.exe -gui_launcher_event rodinguilauncherevent16744 C:\Tutorials\Vivado\simple_RO_post_stress\simple_RO_post_stress.xpr
# Log file: C:/Tutorials/Vivado/simple_RO_post_stress/vivado.log
# Journal file: C:/Tutorials/Vivado/simple_RO_post_stress\vivado.jou
#-----------------------------------------------------------
start_gui
open_project C:/Tutorials/Vivado/simple_RO_post_stress/simple_RO_post_stress.xpr
update_compile_order -fileset sources_1
reset_run synth_1
launch_runs impl_1 -to_step write_bitstream -jobs 4
wait_on_run impl_1
reset_run synth_1
launch_runs impl_1 -to_step write_bitstream -jobs 4
wait_on_run impl_1
open_run impl_1
open_bd_design {C:/Tutorials/Vivado/simple_RO_post_stress/simple_RO_post_stress.srcs/sources_1/bd/design_1/design_1.bd}
write_bd_tcl -force C:/Tutorials/Vivado/simple_RO_post_stress/design_1.tcl
